[    0.000000] Linux version 5.8.1nikita.0413 (root@baadalvm) (gcc (Ubuntu 9.3.0-17ubuntu1~20.04) 9.3.0, GNU ld (GNU Binutils for Ubuntu) 2.34) #1 SMP Wed Feb 17 20:06:21 IST 2021
[    0.000000] Command line: BOOT_IMAGE=/boot/vmlinuz-5.8.1nikita.0413 root=/dev/mapper/baadalvm--vg-root ro
[    0.000000] KERNEL supported cpus:
[    0.000000]   Intel GenuineIntel
[    0.000000]   AMD AuthenticAMD
[    0.000000]   Hygon HygonGenuine
[    0.000000]   Centaur CentaurHauls
[    0.000000]   zhaoxin   Shanghai
[    0.000000] x86/fpu: Supporting XSAVE feature 0x001: 'x87 floating point registers'
[    0.000000] x86/fpu: Supporting XSAVE feature 0x002: 'SSE registers'
[    0.000000] x86/fpu: Supporting XSAVE feature 0x004: 'AVX registers'
[    0.000000] x86/fpu: xstate_offset[2]:  576, xstate_sizes[2]:  256
[    0.000000] x86/fpu: Enabled xstate features 0x7, context size is 832 bytes, using 'standard' format.
[    0.000000] BIOS-provided physical RAM map:
[    0.000000] BIOS-e820: [mem 0x0000000000000000-0x000000000009fbff] usable
[    0.000000] BIOS-e820: [mem 0x000000000009fc00-0x000000000009ffff] reserved
[    0.000000] BIOS-e820: [mem 0x00000000000f0000-0x00000000000fffff] reserved
[    0.000000] BIOS-e820: [mem 0x0000000000100000-0x00000000bffd8fff] usable
[    0.000000] BIOS-e820: [mem 0x00000000bffd9000-0x00000000bfffffff] reserved
[    0.000000] BIOS-e820: [mem 0x00000000feffc000-0x00000000feffffff] reserved
[    0.000000] BIOS-e820: [mem 0x00000000fffc0000-0x00000000ffffffff] reserved
[    0.000000] BIOS-e820: [mem 0x0000000100000000-0x000000013fffffff] usable
[    0.000000] NX (Execute Disable) protection: active
[    0.000000] SMBIOS 2.8 present.
[    0.000000] DMI: QEMU Standard PC (i440FX + PIIX, 1996), BIOS 1.10.2-1ubuntu1 04/01/2014
[    0.000000] Hypervisor detected: KVM
[    0.000000] kvm-clock: Using msrs 4b564d01 and 4b564d00
[    0.000000] kvm-clock: cpu 0, msr 72801001, primary cpu clock
[    0.000000] kvm-clock: using sched offset of 72825440116996 cycles
[    0.000003] clocksource: kvm-clock: mask: 0xffffffffffffffff max_cycles: 0x1cd42e4dffb, max_idle_ns: 881590591483 ns
[    0.000006] tsc: Detected 2399.986 MHz processor
[    0.000901] e820: update [mem 0x00000000-0x00000fff] usable ==> reserved
[    0.000903] e820: remove [mem 0x000a0000-0x000fffff] usable
[    0.000907] last_pfn = 0x140000 max_arch_pfn = 0x400000000
[    0.000948] MTRR default type: write-back
[    0.000949] MTRR fixed ranges enabled:
[    0.000950]   00000-9FFFF write-back
[    0.000951]   A0000-BFFFF uncachable
[    0.000952]   C0000-FFFFF write-protect
[    0.000952] MTRR variable ranges enabled:
[    0.000954]   0 base 00C0000000 mask FFC0000000 uncachable
[    0.000955]   1 disabled
[    0.000955]   2 disabled
[    0.000956]   3 disabled
[    0.000956]   4 disabled
[    0.000957]   5 disabled
[    0.000957]   6 disabled
[    0.000958]   7 disabled
[    0.000971] x86/PAT: Configuration [0-7]: WB  WC  UC- UC  WB  WP  UC- WT
[    0.000983] last_pfn = 0xbffd9 max_arch_pfn = 0x400000000
[    0.016345] found SMP MP-table at [mem 0x000f6a50-0x000f6a5f]
[    0.016537] check: Scanning 1 areas for low memory corruption
[    0.016918] RAMDISK: [mem 0x8072f000-0xbdf61fff]
[    0.016964] ACPI: Early table checksum verification disabled
[    0.016972] ACPI: RSDP 0x00000000000F6810 000014 (v00 BOCHS )
[    0.016978] ACPI: RSDT 0x00000000BFFE15AA 00002C (v01 BOCHS  BXPCRSDT 00000001 BXPC 00000001)
[    0.016988] ACPI: FACP 0x00000000BFFE1436 000074 (v01 BOCHS  BXPCFACP 00000001 BXPC 00000001)
[    0.017005] ACPI: DSDT 0x00000000BFFE0040 0013F6 (v01 BOCHS  BXPCDSDT 00000001 BXPC 00000001)
[    0.017011] ACPI: FACS 0x00000000BFFE0000 000040
[    0.017016] ACPI: APIC 0x00000000BFFE152A 000080 (v01 BOCHS  BXPCAPIC 00000001 BXPC 00000001)
[    0.017031] ACPI: Local APIC address 0xfee00000
[    0.017644] No NUMA configuration found
[    0.017646] Faking a node at [mem 0x0000000000000000-0x000000013fffffff]
[    0.017659] NODE_DATA(0) allocated [mem 0x13ffd2000-0x13fffcfff]
[    0.018341] Zone ranges:
[    0.018343]   DMA      [mem 0x0000000000001000-0x0000000000ffffff]
[    0.018344]   DMA32    [mem 0x0000000001000000-0x00000000ffffffff]
[    0.018346]   Normal   [mem 0x0000000100000000-0x000000013fffffff]
[    0.018347]   Device   empty
[    0.018348] Movable zone start for each node
[    0.018352] Early memory node ranges
[    0.018353]   node   0: [mem 0x0000000000001000-0x000000000009efff]
[    0.018355]   node   0: [mem 0x0000000000100000-0x00000000bffd8fff]
[    0.018356]   node   0: [mem 0x0000000100000000-0x000000013fffffff]
[    0.018390] Zeroed struct page in unavailable ranges: 137 pages
[    0.018391] Initmem setup node 0 [mem 0x0000000000001000-0x000000013fffffff]
[    0.018394] On node 0 totalpages: 1048439
[    0.018395]   DMA zone: 64 pages used for memmap
[    0.018396]   DMA zone: 21 pages reserved
[    0.018397]   DMA zone: 3998 pages, LIFO batch:0
[    0.018824]   DMA32 zone: 12224 pages used for memmap
[    0.018825]   DMA32 zone: 782297 pages, LIFO batch:63
[    0.027861]   Normal zone: 4096 pages used for memmap
[    0.027864]   Normal zone: 262144 pages, LIFO batch:63
[    0.033668] ACPI: PM-Timer IO Port: 0x608
[    0.033674] ACPI: Local APIC address 0xfee00000
[    0.033694] ACPI: LAPIC_NMI (acpi_id[0xff] dfl dfl lint[0x1])
[    0.033757] IOAPIC[0]: apic_id 0, version 17, address 0xfec00000, GSI 0-23
[    0.033763] ACPI: INT_SRC_OVR (bus 0 bus_irq 0 global_irq 2 dfl dfl)
[    0.033765] ACPI: INT_SRC_OVR (bus 0 bus_irq 5 global_irq 5 high level)
[    0.033767] ACPI: INT_SRC_OVR (bus 0 bus_irq 9 global_irq 9 high level)
[    0.033768] ACPI: INT_SRC_OVR (bus 0 bus_irq 10 global_irq 10 high level)
[    0.033769] ACPI: INT_SRC_OVR (bus 0 bus_irq 11 global_irq 11 high level)
[    0.033772] ACPI: IRQ0 used by override.
[    0.033773] ACPI: IRQ5 used by override.
[    0.033774] ACPI: IRQ9 used by override.
[    0.033774] ACPI: IRQ10 used by override.
[    0.033775] ACPI: IRQ11 used by override.
[    0.033778] Using ACPI (MADT) for SMP configuration information
[    0.033781] TSC deadline timer available
[    0.033783] smpboot: Allowing 2 CPUs, 0 hotplug CPUs
[    0.033819] PM: hibernation: Registered nosave memory: [mem 0x00000000-0x00000fff]
[    0.033821] PM: hibernation: Registered nosave memory: [mem 0x0009f000-0x0009ffff]
[    0.033822] PM: hibernation: Registered nosave memory: [mem 0x000a0000-0x000effff]
[    0.033823] PM: hibernation: Registered nosave memory: [mem 0x000f0000-0x000fffff]
[    0.033825] PM: hibernation: Registered nosave memory: [mem 0xbffd9000-0xbfffffff]
[    0.033826] PM: hibernation: Registered nosave memory: [mem 0xc0000000-0xfeffbfff]
[    0.033827] PM: hibernation: Registered nosave memory: [mem 0xfeffc000-0xfeffffff]
[    0.033828] PM: hibernation: Registered nosave memory: [mem 0xff000000-0xfffbffff]
[    0.033829] PM: hibernation: Registered nosave memory: [mem 0xfffc0000-0xffffffff]
[    0.033831] [mem 0xc0000000-0xfeffbfff] available for PCI devices
[    0.033832] Booting paravirtualized kernel on KVM
[    0.033836] clocksource: refined-jiffies: mask: 0xffffffff max_cycles: 0xffffffff, max_idle_ns: 7645519600211568 ns
[    0.033842] setup_percpu: NR_CPUS:8192 nr_cpumask_bits:2 nr_cpu_ids:2 nr_node_ids:1
[    0.034504] percpu: Embedded 56 pages/cpu s192512 r8192 d28672 u1048576
[    0.034512] pcpu-alloc: s192512 r8192 d28672 u1048576 alloc=1*2097152
[    0.034513] pcpu-alloc: [0] 0 1
[    0.034555] KVM setup async PF for cpu 0
[    0.034562] kvm-stealtime: cpu 0, msr 13bc2e080
[    0.034571] Built 1 zonelists, mobility grouping on.  Total pages: 1032034
[    0.034572] Policy zone: Normal
[    0.034574] Kernel command line: BOOT_IMAGE=/boot/vmlinuz-5.8.1nikita.0413 root=/dev/mapper/baadalvm--vg-root ro
[    0.037712] Dentry cache hash table entries: 524288 (order: 10, 4194304 bytes, linear)
[    0.038238] Inode-cache hash table entries: 262144 (order: 9, 2097152 bytes, linear)
[    0.038335] mem auto-init: stack:off, heap alloc:on, heap free:off
[    0.099352] Memory: 3014748K/4193756K available (14339K kernel code, 2537K rwdata, 5276K rodata, 2592K init, 4972K bss, 1179008K reserved, 0K cma-reserved)
[    0.099364] random: get_random_u64 called from __kmem_cache_create+0x42/0x540 with crng_init=0
[    0.099618] SLUB: HWalign=64, Order=0-3, MinObjects=0, CPUs=2, Nodes=1
[    0.099671] Kernel/User page tables isolation: enabled
[    0.099727] ftrace: allocating 45239 entries in 177 pages
[    0.119181] ftrace: allocated 177 pages with 4 groups
[    0.119745] rcu: Hierarchical RCU implementation.
[    0.119747] rcu: 	RCU restricting CPUs from NR_CPUS=8192 to nr_cpu_ids=2.
[    0.119749] 	Trampoline variant of Tasks RCU enabled.
[    0.119750] 	Rude variant of Tasks RCU enabled.
[    0.119750] 	Tracing variant of Tasks RCU enabled.
[    0.119751] rcu: RCU calculated value of scheduler-enlistment delay is 25 jiffies.
[    0.119753] rcu: Adjusting geometry for rcu_fanout_leaf=16, nr_cpu_ids=2
[    0.124027] NR_IRQS: 524544, nr_irqs: 440, preallocated irqs: 16
[    0.124314] random: crng done (trusting CPU's manufacturer)
[    0.124397] Console: colour dummy device 80x25
[    0.124557] printk: console [tty0] enabled
[    0.124594] ACPI: Core revision 20200528
[    0.124654] APIC: Switch to symmetric I/O mode setup
[    0.125091] x2apic enabled
[    0.125548] Switched APIC routing to physical x2apic.
[    0.127271] clocksource: tsc-early: mask: 0xffffffffffffffff max_cycles: 0x22982a51ec9, max_idle_ns: 440795223827 ns
[    0.127282] Calibrating delay loop (skipped) preset value.. 4799.97 BogoMIPS (lpj=9599944)
[    0.127286] pid_max: default: 32768 minimum: 301
[    0.127332] LSM: Security Framework initializing
[    0.127346] Yama: becoming mindful.
[    0.127420] AppArmor: AppArmor initialized
[    0.127515] Mount-cache hash table entries: 8192 (order: 4, 65536 bytes, linear)
[    0.127573] Mountpoint-cache hash table entries: 8192 (order: 4, 65536 bytes, linear)
[    0.128122] Last level iTLB entries: 4KB 0, 2MB 0, 4MB 0
[    0.128127] Last level dTLB entries: 4KB 0, 2MB 0, 4MB 0, 1GB 0
[    0.128134] Spectre V1 : Mitigation: usercopy/swapgs barriers and __user pointer sanitization
[    0.128137] Spectre V2 : Mitigation: Full generic retpoline
[    0.128139] Spectre V2 : Spectre v2 / SpectreRSB mitigation: Filling RSB on context switch
[    0.128142] Spectre V2 : Enabling Restricted Speculation for firmware calls
[    0.128145] Spectre V2 : mitigation: Enabling conditional Indirect Branch Prediction Barrier
[    0.128148] Speculative Store Bypass: Vulnerable
[    0.128152] SRBDS: Unknown: Dependent on hypervisor status
[    0.128154] MDS: Vulnerable: Clear CPU buffers attempted, no microcode
[    0.128330] Freeing SMP alternatives memory: 40K
[    0.130698] smpboot: CPU0: Intel Xeon E3-12xx v2 (Ivy Bridge, IBRS) (family: 0x6, model: 0x3a, stepping: 0x9)
[    0.131154] Performance Events: unsupported p6 CPU model 58 no PMU driver, software events only.
[    0.131273] rcu: Hierarchical SRCU implementation.
[    0.131278] NMI watchdog: Perf NMI watchdog permanently disabled
[    0.131278] smp: Bringing up secondary CPUs ...
[    0.131278] x86: Booting SMP configuration:
[    0.131278] .... node  #0, CPUs:      #1
[    0.006998] kvm-clock: cpu 1, msr 72801041, secondary cpu clock
[    0.006998] smpboot: CPU 1 Converting physical 0 to logical die 1
[    0.131319] KVM setup async PF for cpu 1
[    0.131328] kvm-stealtime: cpu 1, msr 13bd2e080
[    0.131339] smp: Brought up 1 node, 2 CPUs
[    0.131339] smpboot: Max logical packages: 2
[    0.131339] smpboot: Total of 2 processors activated (9599.94 BogoMIPS)
[    0.131796] devtmpfs: initialized
[    0.131796] x86/mm: Memory block size: 128MB
[    0.132161] clocksource: jiffies: mask: 0xffffffff max_cycles: 0xffffffff, max_idle_ns: 7645041785100000 ns
[    0.132161] futex hash table entries: 512 (order: 3, 32768 bytes, linear)
[    0.132161] pinctrl core: initialized pinctrl subsystem
[    0.132161] PM: RTC time: 09:08:24, date: 2021-02-18
[    0.132161] thermal_sys: Registered thermal governor 'fair_share'
[    0.132161] thermal_sys: Registered thermal governor 'bang_bang'
[    0.132161] thermal_sys: Registered thermal governor 'step_wise'
[    0.132161] thermal_sys: Registered thermal governor 'user_space'
[    0.132161] NET: Registered protocol family 16
[    0.132728] DMA: preallocated 512 KiB GFP_KERNEL pool for atomic allocations
[    0.132857] DMA: preallocated 512 KiB GFP_KERNEL|GFP_DMA pool for atomic allocations
[    0.132990] DMA: preallocated 512 KiB GFP_KERNEL|GFP_DMA32 pool for atomic allocations
[    0.133005] audit: initializing netlink subsys (disabled)
[    0.135673] EISA bus registered
[    0.135884] audit: type=2000 audit(1613638728.716:1): state=initialized audit_enabled=0 res=1
[    0.135892] cpuidle: using governor ladder
[    0.135892] cpuidle: using governor menu
[    0.135892] ACPI: bus type PCI registered
[    0.135892] acpiphp: ACPI Hot Plug PCI Controller Driver version: 0.5
[    0.135892] PCI: Using configuration type 1 for base access
[    0.137845] HugeTLB registered 2.00 MiB page size, pre-allocated 0 pages
[    0.139429] fbcon: Taking over console
[    0.139429] ACPI: Added _OSI(Module Device)
[    0.139432] ACPI: Added _OSI(Processor Device)
[    0.139434] ACPI: Added _OSI(3.0 _SCP Extensions)
[    0.139436] ACPI: Added _OSI(Processor Aggregator Device)
[    0.139439] ACPI: Added _OSI(Linux-Dell-Video)
[    0.139441] ACPI: Added _OSI(Linux-Lenovo-NV-HDMI-Audio)
[    0.139443] ACPI: Added _OSI(Linux-HPI-Hybrid-Graphics)
[    0.143285] ACPI: 1 ACPI AML tables successfully acquired and loaded
[    0.143285] ACPI: Interpreter enabled
[    0.143285] ACPI: (supports S0 S5)
[    0.143285] ACPI: Using IOAPIC for interrupt routing
[    0.143285] PCI: Using host bridge windows from ACPI; if necessary, use "pci=nocrs" and report a bug
[    0.143285] ACPI: Enabled 2 GPEs in block 00 to 0F
[    0.147292] ACPI: PCI Root Bridge [PCI0] (domain 0000 [bus 00-ff])
[    0.147292] acpi PNP0A03:00: _OSC: OS supports [ASPM ClockPM Segments MSI HPX-Type3]
[    0.147292] acpi PNP0A03:00: fail to add MMCONFIG information, can't access extended PCI configuration space under this bridge.
[    0.147292] acpiphp: Slot [3] registered
[    0.147292] acpiphp: Slot [5] registered
[    0.147292] acpiphp: Slot [6] registered
[    0.147292] acpiphp: Slot [7] registered
[    0.147292] acpiphp: Slot [8] registered
[    0.147292] acpiphp: Slot [9] registered
[    0.147292] acpiphp: Slot [10] registered
[    0.147292] acpiphp: Slot [11] registered
[    0.147292] acpiphp: Slot [12] registered
[    0.147292] acpiphp: Slot [13] registered
[    0.147292] acpiphp: Slot [14] registered
[    0.147292] acpiphp: Slot [15] registered
[    0.147292] acpiphp: Slot [16] registered
[    0.147292] acpiphp: Slot [17] registered
[    0.147292] acpiphp: Slot [18] registered
[    0.147292] acpiphp: Slot [19] registered
[    0.147292] acpiphp: Slot [20] registered
[    0.147292] acpiphp: Slot [21] registered
[    0.147292] acpiphp: Slot [22] registered
[    0.147292] acpiphp: Slot [23] registered
[    0.147292] acpiphp: Slot [24] registered
[    0.147292] acpiphp: Slot [25] registered
[    0.147292] acpiphp: Slot [26] registered
[    0.147292] acpiphp: Slot [27] registered
[    0.147292] acpiphp: Slot [28] registered
[    0.147292] acpiphp: Slot [29] registered
[    0.147292] acpiphp: Slot [30] registered
[    0.147292] acpiphp: Slot [31] registered
[    0.147301] PCI host bridge to bus 0000:00
[    0.147306] pci_bus 0000:00: root bus resource [io  0x0000-0x0cf7 window]
[    0.147309] pci_bus 0000:00: root bus resource [io  0x0d00-0xffff window]
[    0.147312] pci_bus 0000:00: root bus resource [mem 0x000a0000-0x000bffff window]
[    0.147315] pci_bus 0000:00: root bus resource [mem 0xc0000000-0xfebfffff window]
[    0.147318] pci_bus 0000:00: root bus resource [mem 0x140000000-0x1bfffffff window]
[    0.147322] pci_bus 0000:00: root bus resource [bus 00-ff]
[    0.147396] pci 0000:00:00.0: [8086:1237] type 00 class 0x060000
[    0.148514] pci 0000:00:01.0: [8086:7000] type 00 class 0x060100
[    0.149599] pci 0000:00:01.1: [8086:7010] type 00 class 0x010180
[    0.157637] pci 0000:00:01.1: reg 0x20: [io  0xc0e0-0xc0ef]
[    0.159288] pci 0000:00:01.1: legacy IDE quirk: reg 0x10: [io  0x01f0-0x01f7]
[    0.159288] pci 0000:00:01.1: legacy IDE quirk: reg 0x14: [io  0x03f6]
[    0.159288] pci 0000:00:01.1: legacy IDE quirk: reg 0x18: [io  0x0170-0x0177]
[    0.159288] pci 0000:00:01.1: legacy IDE quirk: reg 0x1c: [io  0x0376]
[    0.159624] pci 0000:00:01.3: [8086:7113] type 00 class 0x068000
[    0.160442] pci 0000:00:01.3: quirk: [io  0x0600-0x063f] claimed by PIIX4 ACPI
[    0.160461] pci 0000:00:01.3: quirk: [io  0x0700-0x070f] claimed by PIIX4 SMB
[    0.161293] pci 0000:00:02.0: [1013:00b8] type 00 class 0x030000
[    0.164739] pci 0000:00:02.0: reg 0x10: [mem 0xfc000000-0xfdffffff pref]
[    0.166468] pci 0000:00:02.0: reg 0x14: [mem 0xfeb90000-0xfeb90fff]
[    0.175350] pci 0000:00:02.0: reg 0x30: [mem 0xfeb80000-0xfeb8ffff pref]
[    0.175591] pci 0000:00:02.0: BAR 0: assigned to efifb
[    0.176842] pci 0000:00:03.0: [1af4:1000] type 00 class 0x020000
[    0.178610] pci 0000:00:03.0: reg 0x10: [io  0xc040-0xc05f]
[    0.180028] pci 0000:00:03.0: reg 0x14: [mem 0xfeb91000-0xfeb91fff]
[    0.184424] pci 0000:00:03.0: reg 0x20: [mem 0xfe000000-0xfe003fff 64bit pref]
[    0.186785] pci 0000:00:03.0: reg 0x30: [mem 0xfeb00000-0xfeb7ffff pref]
[    0.188305] pci 0000:00:04.0: [8086:2934] type 00 class 0x0c0300
[    0.191182] pci 0000:00:04.0: reg 0x20: [io  0xc060-0xc07f]
[    0.192643] pci 0000:00:04.1: [8086:2935] type 00 class 0x0c0300
[    0.195577] pci 0000:00:04.1: reg 0x20: [io  0xc080-0xc09f]
[    0.197049] pci 0000:00:04.2: [8086:2936] type 00 class 0x0c0300
[    0.199833] pci 0000:00:04.2: reg 0x20: [io  0xc0a0-0xc0bf]
[    0.201277] pci 0000:00:04.7: [8086:293a] type 00 class 0x0c0320
[    0.202006] pci 0000:00:04.7: reg 0x10: [mem 0xfeb92000-0xfeb92fff]
[    0.206893] pci 0000:00:05.0: [1af4:1001] type 00 class 0x010000
[    0.208071] pci 0000:00:05.0: reg 0x10: [io  0xc000-0xc03f]
[    0.209622] pci 0000:00:05.0: reg 0x14: [mem 0xfeb93000-0xfeb93fff]
[    0.213698] pci 0000:00:05.0: reg 0x20: [mem 0xfe004000-0xfe007fff 64bit pref]
[    0.217727] pci 0000:00:06.0: [1af4:1002] type 00 class 0x00ff00
[    0.218869] pci 0000:00:06.0: reg 0x10: [io  0xc0c0-0xc0df]
[    0.222875] pci 0000:00:06.0: reg 0x20: [mem 0xfe008000-0xfe00bfff 64bit pref]
[    0.234410] ACPI: PCI Interrupt Link [LNKA] (IRQs 5 *10 11)
[    0.234632] ACPI: PCI Interrupt Link [LNKB] (IRQs 5 *10 11)
[    0.234824] ACPI: PCI Interrupt Link [LNKC] (IRQs 5 10 *11)
[    0.235005] ACPI: PCI Interrupt Link [LNKD] (IRQs 5 10 *11)
[    0.235102] ACPI: PCI Interrupt Link [LNKS] (IRQs *9)
[    0.239324] iommu: Default domain type: Translated
[    0.239526] pci 0000:00:02.0: vgaarb: setting as boot VGA device
[    0.239531] pci 0000:00:02.0: vgaarb: VGA device added: decodes=io+mem,owns=io+mem,locks=none
[    0.239536] pci 0000:00:02.0: vgaarb: bridge control possible
[    0.239539] vgaarb: loaded
[    0.240133] SCSI subsystem initialized
[    0.240222] libata version 3.00 loaded.
[    0.240222] ACPI: bus type USB registered
[    0.240222] usbcore: registered new interface driver usbfs
[    0.240222] usbcore: registered new interface driver hub
[    0.240222] usbcore: registered new device driver usb
[    0.240222] pps_core: LinuxPPS API ver. 1 registered
[    0.240222] pps_core: Software ver. 5.3.6 - Copyright 2005-2007 Rodolfo Giometti <giometti@linux.it>
[    0.240222] PTP clock support registered
[    0.240222] EDAC MC: Ver: 3.0.0
[    0.240222] NetLabel: Initializing
[    0.240222] NetLabel:  domain hash size = 128
[    0.240222] NetLabel:  protocols = UNLABELED CIPSOv4 CALIPSO
[    0.240222] NetLabel:  unlabeled traffic allowed by default
[    0.240222] PCI: Using ACPI for IRQ routing
[    0.240222] PCI: pci_cache_line_size set to 64 bytes
[    0.240222] e820: reserve RAM buffer [mem 0x0009fc00-0x0009ffff]
[    0.240222] e820: reserve RAM buffer [mem 0xbffd9000-0xbfffffff]
[    0.243628] clocksource: Switched to clocksource kvm-clock
[    0.264301] VFS: Disk quotas dquot_6.6.0
[    0.264343] VFS: Dquot-cache hash table entries: 512 (order 0, 4096 bytes)
[    0.264580] AppArmor: AppArmor Filesystem Enabled
[    0.264650] pnp: PnP ACPI init
[    0.264798] pnp 00:00: Plug and Play ACPI device, IDs PNP0b00 (active)
[    0.264954] pnp 00:01: Plug and Play ACPI device, IDs PNP0303 (active)
[    0.264993] pnp 00:02: Plug and Play ACPI device, IDs PNP0f13 (active)
[    0.265006] pnp 00:03: [dma 2]
[    0.265036] pnp 00:03: Plug and Play ACPI device, IDs PNP0700 (active)
[    0.265231] pnp 00:04: Plug and Play ACPI device, IDs PNP0501 (active)
[    0.265592] pnp: PnP ACPI: found 5 devices
[    0.272930] clocksource: acpi_pm: mask: 0xffffff max_cycles: 0xffffff, max_idle_ns: 2085701024 ns
[    0.273034] NET: Registered protocol family 2
[    0.273877] tcp_listen_portaddr_hash hash table entries: 2048 (order: 3, 32768 bytes, linear)
[    0.274144] TCP established hash table entries: 32768 (order: 6, 262144 bytes, linear)
[    0.274727] TCP bind hash table entries: 32768 (order: 7, 524288 bytes, linear)
[    0.274777] TCP: Hash tables configured (established 32768 bind 32768)
[    0.275045] UDP hash table entries: 2048 (order: 4, 65536 bytes, linear)
[    0.275123] UDP-Lite hash table entries: 2048 (order: 4, 65536 bytes, linear)
[    0.275211] NET: Registered protocol family 1
[    0.275225] NET: Registered protocol family 44
[    0.275255] pci_bus 0000:00: resource 4 [io  0x0000-0x0cf7 window]
[    0.275258] pci_bus 0000:00: resource 5 [io  0x0d00-0xffff window]
[    0.275261] pci_bus 0000:00: resource 6 [mem 0x000a0000-0x000bffff window]
[    0.275264] pci_bus 0000:00: resource 7 [mem 0xc0000000-0xfebfffff window]
[    0.275267] pci_bus 0000:00: resource 8 [mem 0x140000000-0x1bfffffff window]
[    0.275374] pci 0000:00:01.0: PIIX3: Enabling Passive Release
[    0.275404] pci 0000:00:00.0: Limiting direct PCI/PCI transfers
[    0.275429] pci 0000:00:01.0: Activating ISA DMA hang workarounds
[    0.275535] pci 0000:00:02.0: Video device with shadowed ROM at [mem 0x000c0000-0x000dffff]
[    0.306553] PCI Interrupt Link [LNKD] enabled at IRQ 11
[    0.337743] pci 0000:00:04.0: quirk_usb_early_handoff+0x0/0x662 took 60669 usecs
[    0.368515] PCI Interrupt Link [LNKA] enabled at IRQ 10
[    0.399722] pci 0000:00:04.1: quirk_usb_early_handoff+0x0/0x662 took 60466 usecs
[    0.430534] PCI Interrupt Link [LNKB] enabled at IRQ 10
[    0.461638] pci 0000:00:04.2: quirk_usb_early_handoff+0x0/0x662 took 60396 usecs
[    0.492320] PCI Interrupt Link [LNKC] enabled at IRQ 11
[    0.523469] pci 0000:00:04.7: quirk_usb_early_handoff+0x0/0x662 took 60322 usecs
[    0.523550] PCI: CLS 0 bytes, default 64
[    0.523700] Trying to unpack rootfs image as initramfs...
[    6.860111] Freeing initrd memory: 1007820K
[    6.860234] PCI-DMA: Using software bounce buffering for IO (SWIOTLB)
[    6.860246] software IO TLB: mapped [mem 0x7c72f000-0x8072f000] (64MB)
[    6.860352] clocksource: tsc: mask: 0xffffffffffffffff max_cycles: 0x22982a51ec9, max_idle_ns: 440795223827 ns
[    6.860470] check: Scanning for low memory corruption every 60 seconds
[    6.861582] Initialise system trusted keyrings
[    6.861619] Key type blacklist registered
[    6.861813] workingset: timestamp_bits=36 max_order=20 bucket_order=0
[    6.863956] zbud: loaded
[    6.864450] squashfs: version 4.0 (2009/01/31) Phillip Lougher
[    6.864919] fuse: init (API version 7.31)
[    6.865393] integrity: Platform Keyring initialized
[    6.878035] Key type asymmetric registered
[    6.878045] Asymmetric key parser 'x509' registered
[    6.878062] Block layer SCSI generic (bsg) driver version 0.4 loaded (major 245)
[    6.878181] io scheduler mq-deadline registered
[    6.878449] shpchp: Standard Hot Plug PCI Controller Driver version: 0.4
[    6.878567] efifb: probing for efifb
[    6.878592] efifb: No BGRT, not showing boot graphics
[    6.878595] efifb: framebuffer at 0xfc000000, using 1408k, total 1408k
[    6.878597] efifb: mode is 800x600x24, linelength=2400, pages=1
[    6.878599] efifb: scrolling: redraw
[    6.878601] efifb: Truecolor: size=0:8:8:8, shift=0:16:8:0
[    6.878872] Console: switching to colour frame buffer device 100x37
[    6.881732] fb0: EFI VGA frame buffer device
[    6.881783] intel_idle: Please enable MWAIT in BIOS SETUP
[    6.881934] input: Power Button as /devices/LNXSYSTM:00/LNXPWRBN:00/input/input0
[    6.882038] ACPI: Power Button [PWRF]
[    6.989185] Serial: 8250/16550 driver, 32 ports, IRQ sharing enabled
[    6.989855] 00:04: ttyS0 at I/O 0x3f8 (irq = 4, base_baud = 115200) is a 16550A
[    6.992470] Linux agpgart interface v0.103
[    6.996309] loop: module loaded
[    6.996541] ata_piix 0000:00:01.1: version 2.13
[    6.998204] scsi host0: ata_piix
[    6.998521] scsi host1: ata_piix
[    6.998619] ata1: PATA max MWDMA2 cmd 0x1f0 ctl 0x3f6 bmdma 0xc0e0 irq 14
[    6.998658] ata2: PATA max MWDMA2 cmd 0x170 ctl 0x376 bmdma 0xc0e8 irq 15
[    7.005546] libphy: Fixed MDIO Bus: probed
[    7.006441] tun: Universal TUN/TAP device driver, 1.6
[    7.007409] PPP generic driver version 2.4.2
[    7.008351] VFIO - User Level meta-driver version: 0.3
[    7.009408] ehci_hcd: USB 2.0 'Enhanced' Host Controller (EHCI) Driver
[    7.010259] ehci-pci: EHCI PCI platform driver
[    7.044897] ehci-pci 0000:00:04.7: EHCI Host Controller
[    7.046007] ehci-pci 0000:00:04.7: new USB bus registered, assigned bus number 1
[    7.047253] ehci-pci 0000:00:04.7: irq 11, io mem 0xfeb92000
[    7.063357] ehci-pci 0000:00:04.7: USB 2.0 started, EHCI 1.00
[    7.064310] usb usb1: New USB device found, idVendor=1d6b, idProduct=0002, bcdDevice= 5.08
[    7.065551] usb usb1: New USB device strings: Mfr=3, Product=2, SerialNumber=1
[    7.066389] usb usb1: Product: EHCI Host Controller
[    7.067231] usb usb1: Manufacturer: Linux 5.8.1nikita.0413 ehci_hcd
[    7.068107] usb usb1: SerialNumber: 0000:00:04.7
[    7.069441] hub 1-0:1.0: USB hub found
[    7.070273] hub 1-0:1.0: 6 ports detected
[    7.071436] ehci-platform: EHCI generic platform driver
[    7.072277] ohci_hcd: USB 1.1 'Open' Host Controller (OHCI) Driver
[    7.073431] ohci-pci: OHCI PCI platform driver
[    7.074258] ohci-platform: OHCI generic platform driver
[    7.075065] uhci_hcd: USB Universal Host Controller Interface driver
[    7.109729] uhci_hcd 0000:00:04.0: UHCI Host Controller
[    7.110575] uhci_hcd 0000:00:04.0: new USB bus registered, assigned bus number 2
[    7.111468] uhci_hcd 0000:00:04.0: detected 2 ports
[    7.112390] uhci_hcd 0000:00:04.0: irq 11, io base 0x0000c060
[    7.113757] usb usb2: New USB device found, idVendor=1d6b, idProduct=0001, bcdDevice= 5.08
[    7.114583] usb usb2: New USB device strings: Mfr=3, Product=2, SerialNumber=1
[    7.115438] usb usb2: Product: UHCI Host Controller
[    7.116253] usb usb2: Manufacturer: Linux 5.8.1nikita.0413 uhci_hcd
[    7.117126] usb usb2: SerialNumber: 0000:00:04.0
[    7.118060] hub 2-0:1.0: USB hub found
[    7.118884] hub 2-0:1.0: 2 ports detected
[    7.153169] uhci_hcd 0000:00:04.1: UHCI Host Controller
[    7.154023] uhci_hcd 0000:00:04.1: new USB bus registered, assigned bus number 3
[    7.154892] uhci_hcd 0000:00:04.1: detected 2 ports
[    7.155866] uhci_hcd 0000:00:04.1: irq 10, io base 0x0000c080
[    7.156995] usb usb3: New USB device found, idVendor=1d6b, idProduct=0001, bcdDevice= 5.08
[    7.157825] usb usb3: New USB device strings: Mfr=3, Product=2, SerialNumber=1
[    7.158674] usb usb3: Product: UHCI Host Controller
[    7.159529] usb usb3: Manufacturer: Linux 5.8.1nikita.0413 uhci_hcd
[    7.160375] usb usb3: SerialNumber: 0000:00:04.1
[    7.161530] hub 3-0:1.0: USB hub found
[    7.162366] hub 3-0:1.0: 2 ports detected
[    7.197236] uhci_hcd 0000:00:04.2: UHCI Host Controller
[    7.198071] uhci_hcd 0000:00:04.2: new USB bus registered, assigned bus number 4
[    7.198946] uhci_hcd 0000:00:04.2: detected 2 ports
[    7.199881] uhci_hcd 0000:00:04.2: irq 10, io base 0x0000c0a0
[    7.201016] usb usb4: New USB device found, idVendor=1d6b, idProduct=0001, bcdDevice= 5.08
[    7.201953] usb usb4: New USB device strings: Mfr=3, Product=2, SerialNumber=1
[    7.202770] usb usb4: Product: UHCI Host Controller
[    7.203624] usb usb4: Manufacturer: Linux 5.8.1nikita.0413 uhci_hcd
[    7.204463] usb usb4: SerialNumber: 0000:00:04.2
[    7.205668] hub 4-0:1.0: USB hub found
[    7.206514] hub 4-0:1.0: 2 ports detected
[    7.207667] i8042: PNP: PS/2 Controller [PNP0303:KBD,PNP0f13:MOU] at 0x60,0x64 irq 1,12
[    7.210022] serio: i8042 KBD port at 0x60,0x64 irq 1
[    7.210893] serio: i8042 AUX port at 0x60,0x64 irq 12
[    7.211924] mousedev: PS/2 mouse device common for all mice
[    7.213365] input: AT Translated Set 2 keyboard as /devices/platform/i8042/serio0/input/input1
[    7.214494] rtc_cmos 00:00: RTC can wake from S4
[    7.216241] rtc_cmos 00:00: registered as rtc0
[    7.217651] rtc_cmos 00:00: setting system clock to 2021-02-18T09:08:31 UTC (1613639311)
[    7.218593] rtc_cmos 00:00: alarms up to one day, y3k, 114 bytes nvram
[    7.219454] i2c /dev entries driver
[    7.220351] device-mapper: uevent: version 1.0.3
[    7.221615] device-mapper: ioctl: 4.42.0-ioctl (2020-02-27) initialised: dm-devel@redhat.com
[    7.222509] platform eisa.0: Probing EISA bus 0
[    7.223808] platform eisa.0: EISA: Cannot allocate resource for mainboard
[    7.224774] platform eisa.0: Cannot allocate resource for EISA slot 1
[    7.225976] platform eisa.0: Cannot allocate resource for EISA slot 2
[    7.226816] platform eisa.0: Cannot allocate resource for EISA slot 3
[    7.227658] platform eisa.0: Cannot allocate resource for EISA slot 4
[    7.228482] platform eisa.0: Cannot allocate resource for EISA slot 5
[    7.229646] platform eisa.0: Cannot allocate resource for EISA slot 6
[    7.230414] platform eisa.0: Cannot allocate resource for EISA slot 7
[    7.231163] platform eisa.0: Cannot allocate resource for EISA slot 8
[    7.231899] platform eisa.0: EISA: Detected 0 cards
[    7.232668] intel_pstate: CPU model not supported
[    7.233802] ledtrig-cpu: registered to indicate activity on CPUs
[    7.234700] drop_monitor: Initializing network drop monitor service
[    7.235702] NET: Registered protocol family 10
[    7.249465] Segment Routing with IPv6
[    7.250256] NET: Registered protocol family 17
[    7.251153] Key type dns_resolver registered
[    7.252298] IPI shorthand broadcast: enabled
[    7.253356] sched_clock: Marking stable (7249158896, 2998431)->(7284255482, -32098155)
[    7.254361] registered taskstats version 1
[    7.255130] Loading compiled-in X.509 certificates
[    7.257166] Loaded X.509 cert 'Build time autogenerated kernel key: 42ac8f8c45ef63915389ad62094eb81b04126c25'
[    7.258830] zswap: loaded using pool lzo/zbud
[    7.259865] Key type ._fscrypt registered
[    7.260618] Key type .fscrypt registered
[    7.261702] Key type fscrypt-provisioning registered
[    7.267642] Key type encrypted registered
[    7.268381] AppArmor: AppArmor sha1 policy hashing enabled
[    7.269494] ima: No TPM chip found, activating TPM-bypass!
[    7.270234] ima: Allocated hash algorithm: sha1
[    7.270967] ima: No architecture policies found
[    7.271737] evm: Initialising EVM extended attributes:
[    7.272440] evm: security.selinux
[    7.273513] evm: security.SMACK64
[    7.274181] evm: security.SMACK64EXEC
[    7.274816] evm: security.SMACK64TRANSMUTE
[    7.275462] evm: security.SMACK64MMAP
[    7.276070] evm: security.apparmor
[    7.276735] evm: security.ima
[    7.277638] evm: security.capability
[    7.278248] evm: HMAC attrs: 0x1
[    7.279386] PM:   Magic number: 9:345:121
[    7.280383] RAS: Correctable Errors collector initialized.
[    7.284569] Freeing unused decrypted memory: 2040K
[    7.287551] Freeing unused kernel image (initmem) memory: 2592K
[    7.299407] Write protecting the kernel read-only data: 22528k
[    7.302239] Freeing unused kernel image (text/rodata gap) memory: 2044K
[    7.303780] Freeing unused kernel image (rodata/data gap) memory: 868K
[    7.365582] x86/mm: Checked W+X mappings: passed, no W+X pages found.
[    7.366366] x86/mm: Checking user space page tables
[    7.427733] x86/mm: Checked W+X mappings: passed, no W+X pages found.
[    7.428472] Run /init as init process
[    7.429498]   with arguments:
[    7.429500]     /init
[    7.429500]   with environment:
[    7.429501]     HOME=/
[    7.429502]     TERM=linux
[    7.429502]     BOOT_IMAGE=/boot/vmlinuz-5.8.1nikita.0413
[    7.596074] FDC 0 is a S82078B
[    7.602195] piix4_smbus 0000:00:01.3: SMBus Host Controller at 0x700, revision 0
[    7.609922] virtio_blk virtio1: [vda] 167772160 512-byte logical blocks (85.9 GB/80.0 GiB)
[    7.610645] vda: detected capacity change from 0 to 85899345920
[    7.643326] cryptd: max_cpu_qlen set to 1000
[    7.668854] AVX version of gcm_enc/dec engaged.
[    7.669530] AES CTR mode by8 optimization enabled
[    7.749587]  vda: vda1
[    7.786746] input: VirtualPS/2 VMware VMMouse as /devices/platform/i8042/serio1/input/input4
[    7.788072] input: VirtualPS/2 VMware VMMouse as /devices/platform/i8042/serio1/input/input3
[    7.823926] virtio_net virtio0 ens3: renamed from eth0
[    7.877995] checking generic (fc000000 160000) vs hw (fc000000 2000000)
[    7.877997] fb0: switching to cirrusdrmfb from EFI VGA
[    7.878823] Console: switching to colour dummy device 80x25
[    7.878870] cirrus 0000:00:02.0: vgaarb: deactivate vga console
[    7.879137] [drm] Initialized cirrus 2.0.0 2019 for 0000:00:02.0 on minor 0
[    7.879699] fbcon: cirrusdrmfb (fb0) is primary device
[    7.882925] Console: switching to colour frame buffer device 128x48
[    7.884520] cirrus 0000:00:02.0: fb0: cirrusdrmfb frame buffer device
[    9.315301] raid6: sse2x4   gen() 10250 MB/s
[    9.383300] raid6: sse2x4   xor()  5452 MB/s
[    9.451302] raid6: sse2x2   gen()  7621 MB/s
[    9.519300] raid6: sse2x2   xor()  6058 MB/s
[    9.587302] raid6: sse2x1   gen()  7518 MB/s
[    9.655300] raid6: sse2x1   xor()  5225 MB/s
[    9.655325] raid6: using algorithm sse2x4 gen() 10250 MB/s
[    9.655337] raid6: .... xor() 5452 MB/s, rmw enabled
[    9.655349] raid6: using ssse3x2 recovery algorithm
[    9.658391] xor: automatically using best checksumming function   avx
[    9.661862] async_tx: api initialized (async)
[   10.113234] Btrfs loaded, crc32c=crc32c-intel
[   10.336530] EXT4-fs (dm-0): mounted filesystem with ordered data mode. Opts: (null)
[   17.210428] systemd[1]: Inserted module 'autofs4'
[   19.601217] systemd[1]: systemd 245.4-4ubuntu3.2 running in system mode. (+PAM +AUDIT +SELINUX +IMA +APPARMOR +SMACK +SYSVINIT +UTMP +LIBCRYPTSETUP +GCRYPT +GNUTLS +ACL +XZ +LZ4 +SECCOMP +BLKID +ELFUTILS +KMOD +IDN2 -IDN +PCRE2 default-hierarchy=hybrid)
[   19.602297] systemd[1]: Detected virtualization kvm.
[   19.602767] systemd[1]: Detected architecture x86-64.
[   19.633390] systemd[1]: Set hostname to <baadalvm>.
[   21.009697] systemd[1]: /lib/systemd/system/dbus.socket:5: ListenStream= references a path below legacy directory /var/run/, updating /var/run/dbus/system_bus_socket â†’ /run/dbus/system_bus_socket; please update the unit file accordingly.
[   22.244959] systemd[1]: Created slice system-modprobe.slice.
[   22.250749] systemd[1]: Created slice User and Session Slice.
[   22.251987] systemd[1]: Started Forward Password Requests to Wall Directory Watch.
[   22.253442] systemd[1]: Set up automount Arbitrary Executable File Formats File System Automount Point.
[   22.254631] systemd[1]: Reached target User and Group Name Lookups.
[   22.261041] systemd[1]: Reached target Slices.
[   22.262347] systemd[1]: Listening on Device-mapper event daemon FIFOs.
[   22.266693] systemd[1]: Listening on LVM2 poll daemon socket.
[   22.267970] systemd[1]: Listening on multipathd control socket.
[   22.269337] systemd[1]: Listening on Syslog Socket.
[   22.270665] systemd[1]: Listening on fsck to fsckd communication Socket.
[   22.272096] systemd[1]: Listening on initctl Compatibility Named Pipe.
[   22.273780] systemd[1]: Listening on Journal Audit Socket.
[   22.279070] systemd[1]: Listening on Journal Socket (/dev/log).
[   22.280464] systemd[1]: Listening on Journal Socket.
[   22.281844] systemd[1]: Listening on udev Control Socket.
[   22.283130] systemd[1]: Listening on udev Kernel Socket.
[   22.291814] systemd[1]: Mounting Huge Pages File System...
[   22.296660] systemd[1]: Mounting POSIX Message Queue File System...
[   22.300155] systemd[1]: Mounting Kernel Debug File System...
[   22.307941] systemd[1]: Mounting Kernel Trace File System...
[   22.312323] systemd[1]: Starting Journal Service...
[   22.320193] systemd[1]: Starting Set the console keyboard layout...
[   22.326888] systemd[1]: Starting Create list of static device nodes for the current kernel...
[   22.329699] systemd[1]: Starting Monitoring of LVM2 mirrors, snapshots etc. using dmeventd or progress polling...
[   22.330946] systemd[1]: Condition check resulted in Load Kernel Module drm being skipped.
[   22.340084] systemd[1]: Condition check resulted in Set Up Additional Binary Formats being skipped.
[   22.340747] systemd[1]: Condition check resulted in File System Check on Root Device being skipped.
[   22.346836] systemd[1]: Starting Load Kernel Modules...
[   22.351792] systemd[1]: Starting Remount Root and Kernel File Systems...
[   22.357158] systemd[1]: Starting udev Coldplug all Devices...
[   22.363897] systemd[1]: Starting Uncomplicated firewall...
[   22.373144] systemd[1]: Mounted Huge Pages File System.
[   22.377216] systemd[1]: Mounted POSIX Message Queue File System.
[   22.378593] systemd[1]: Mounted Kernel Debug File System.
[   22.379989] systemd[1]: Mounted Kernel Trace File System.
[   22.382162] systemd[1]: Finished Create list of static device nodes for the current kernel.
[   22.388704] systemd[1]: Finished Uncomplicated firewall.
[   22.401328] EXT4-fs (dm-0): re-mounted. Opts: errors=remount-ro
[   22.404854] systemd[1]: Finished Remount Root and Kernel File Systems.
[   22.407998] systemd[1]: Condition check resulted in Rebuild Hardware Database being skipped.
[   22.408576] systemd[1]: Condition check resulted in Platform Persistent Storage Archival being skipped.
[   22.410708] systemd[1]: Starting Load/Save Random Seed...
[   22.413421] systemd[1]: Starting Create System Users...
[   22.419810] systemd[1]: Finished Load Kernel Modules.
[   22.425741] systemd[1]: Finished Monitoring of LVM2 mirrors, snapshots etc. using dmeventd or progress polling.
[   22.429454] systemd[1]: Mounting FUSE Control File System...
[   22.432267] systemd[1]: Mounting Kernel Configuration File System...
[   22.434975] systemd[1]: Starting Apply Kernel Variables...
[   22.450079] systemd[1]: Mounted FUSE Control File System.
[   22.451515] systemd[1]: Mounted Kernel Configuration File System.
[   22.526494] systemd[1]: Finished Set the console keyboard layout.
[   22.535734] systemd[1]: Finished Create System Users.
[   22.538236] systemd[1]: Starting Create Static Device Nodes in /dev...
[   22.544101] systemd[1]: Finished Load/Save Random Seed.
[   22.588955] systemd[1]: Started Journal Service.
[   22.614181] systemd-journald[359]: Received client request to flush runtime journal.
[   26.423326] Adding 8388604k swap on /dev/mapper/baadalvm--vg-swap_1.  Priority:-2 extents:1 across:8388604k FS
[   27.298474] alua: device handler registered
[   27.307382] emc: device handler registered
[   27.317656] rdac: device handler registered
[   29.420683] audit: type=1400 audit(1613639333.700:2): apparmor="STATUS" operation="profile_load" profile="unconfined" name="nvidia_modprobe" pid=558 comm="apparmor_parser"
[   29.422278] audit: type=1400 audit(1613639333.700:3): apparmor="STATUS" operation="profile_load" profile="unconfined" name="nvidia_modprobe//kmod" pid=558 comm="apparmor_parser"
[   29.482056] audit: type=1400 audit(1613639333.760:4): apparmor="STATUS" operation="profile_load" profile="unconfined" name="lsb_release" pid=561 comm="apparmor_parser"
[   29.574119] audit: type=1400 audit(1613639333.852:5): apparmor="STATUS" operation="profile_load" profile="unconfined" name="/usr/bin/man" pid=562 comm="apparmor_parser"
[   29.574937] audit: type=1400 audit(1613639333.852:6): apparmor="STATUS" operation="profile_load" profile="unconfined" name="man_filter" pid=562 comm="apparmor_parser"
[   29.576058] audit: type=1400 audit(1613639333.856:7): apparmor="STATUS" operation="profile_load" profile="unconfined" name="man_groff" pid=562 comm="apparmor_parser"
[   29.611541] audit: type=1400 audit(1613639333.892:8): apparmor="STATUS" operation="profile_load" profile="unconfined" name="ippusbxd" pid=563 comm="apparmor_parser"
[   29.627398] audit: type=1400 audit(1613639333.908:9): apparmor="STATUS" operation="profile_load" profile="unconfined" name="/usr/bin/lxc-start" pid=564 comm="apparmor_parser"
[   29.659847] audit: type=1400 audit(1613639333.940:10): apparmor="STATUS" operation="profile_load" profile="unconfined" name="/usr/lib/snapd/snap-confine" pid=560 comm="apparmor_parser"
[   29.661030] audit: type=1400 audit(1613639333.940:11): apparmor="STATUS" operation="profile_load" profile="unconfined" name="/usr/lib/snapd/snap-confine//mount-namespace-capture-helper" pid=560 comm="apparmor_parser"
[   34.512098] new mount options do not match the existing superblock, will be ignored
[   51.033599] rfkill: input handler disabled
[ 1056.877901] Hello world This is abide.YYYY
